// Jest Snapshot v1, https://goo.gl/fbAQLP

exports[`Detail component Rendered Detail component 1`] = `
Object {
  "asFragment": [Function],
  "baseElement": <body>
    <div>
      <div
        class="container"
      >
        <div
          class="row"
        >
          <div
            class="welcome col"
          >
            <div
              class="welcome-body"
            >
              <img
                class=""
              />
              <p
                class="detail-price"
              >
                $
              </p>
            </div>
          </div>
        </div>
        <div
          class="row"
        >
          <div
            class="detail-col-odd col-12"
          >
            <span
              class="header"
            >
              Coin name :
            </span>
            <span />
          </div>
          <div
            class="detail-col col-12"
          >
            <span
              class="header"
            >
              Coin symbol :
            </span>
            <span />
          </div>
          <div
            class="detail-col-odd col-12"
          >
            <span
              class="header"
            >
              Ranking :
            </span>
            <span />
          </div>
          <div
            class="detail-col col-12"
          >
            <span
              class="header"
            >
              Price :
            </span>
            <span />
          </div>
          <div
            class="detail-col-odd col-12"
          >
            <span
              class="header"
            >
               Market cap :
            </span>
            <span />
          </div>
          <div
            class="detail-col col-12"
          >
            <span
              class="header"
            >
               Price change week :
            </span>
            <span />
          </div>
          <div
            class="detail-col-odd col-12"
          >
            <span
              class="header"
            >
               Avail. supply :
            </span>
            <span />
          </div>
        </div>
      </div>
    </div>
  </body>,
  "container": <div>
    <div
      class="container"
    >
      <div
        class="row"
      >
        <div
          class="welcome col"
        >
          <div
            class="welcome-body"
          >
            <img
              class=""
            />
            <p
              class="detail-price"
            >
              $
            </p>
          </div>
        </div>
      </div>
      <div
        class="row"
      >
        <div
          class="detail-col-odd col-12"
        >
          <span
            class="header"
          >
            Coin name :
          </span>
          <span />
        </div>
        <div
          class="detail-col col-12"
        >
          <span
            class="header"
          >
            Coin symbol :
          </span>
          <span />
        </div>
        <div
          class="detail-col-odd col-12"
        >
          <span
            class="header"
          >
            Ranking :
          </span>
          <span />
        </div>
        <div
          class="detail-col col-12"
        >
          <span
            class="header"
          >
            Price :
          </span>
          <span />
        </div>
        <div
          class="detail-col-odd col-12"
        >
          <span
            class="header"
          >
             Market cap :
          </span>
          <span />
        </div>
        <div
          class="detail-col col-12"
        >
          <span
            class="header"
          >
             Price change week :
          </span>
          <span />
        </div>
        <div
          class="detail-col-odd col-12"
        >
          <span
            class="header"
          >
             Avail. supply :
          </span>
          <span />
        </div>
      </div>
    </div>
  </div>,
  "debug": [Function],
  "findAllByAltText": [Function],
  "findAllByDisplayValue": [Function],
  "findAllByLabelText": [Function],
  "findAllByPlaceholderText": [Function],
  "findAllByRole": [Function],
  "findAllByTestId": [Function],
  "findAllByText": [Function],
  "findAllByTitle": [Function],
  "findByAltText": [Function],
  "findByDisplayValue": [Function],
  "findByLabelText": [Function],
  "findByPlaceholderText": [Function],
  "findByRole": [Function],
  "findByTestId": [Function],
  "findByText": [Function],
  "findByTitle": [Function],
  "getAllByAltText": [Function],
  "getAllByDisplayValue": [Function],
  "getAllByLabelText": [Function],
  "getAllByPlaceholderText": [Function],
  "getAllByRole": [Function],
  "getAllByTestId": [Function],
  "getAllByText": [Function],
  "getAllByTitle": [Function],
  "getByAltText": [Function],
  "getByDisplayValue": [Function],
  "getByLabelText": [Function],
  "getByPlaceholderText": [Function],
  "getByRole": [Function],
  "getByTestId": [Function],
  "getByText": [Function],
  "getByTitle": [Function],
  "queryAllByAltText": [Function],
  "queryAllByDisplayValue": [Function],
  "queryAllByLabelText": [Function],
  "queryAllByPlaceholderText": [Function],
  "queryAllByRole": [Function],
  "queryAllByTestId": [Function],
  "queryAllByText": [Function],
  "queryAllByTitle": [Function],
  "queryByAltText": [Function],
  "queryByDisplayValue": [Function],
  "queryByLabelText": [Function],
  "queryByPlaceholderText": [Function],
  "queryByRole": [Function],
  "queryByTestId": [Function],
  "queryByText": [Function],
  "queryByTitle": [Function],
  "rerender": [Function],
  "unmount": [Function],
}
`;
